// Jest Snapshot v1, https://goo.gl/fbAQLP

exports[`Button  should render 1`] = `
<Button
  color="#93748a"
  onPress={[Function]}
  title="Test Button"
/>
`;
