// Jest Snapshot v1, https://goo.gl/fbAQLP

exports[`TextInput  should render 1`] = `
<TextInput
  allowFontScaling={true}
  style={
    Array [
      Object {
        "alignSelf": "stretch",
        "backgroundColor": "#fff",
        "borderRadius": 4,
        "height": 45,
        "marginBottom": 20,
        "padding": 9,
      },
      undefined,
    ]
  }
/>
`;
